[
    {
        "type": "heading-one",
        "children": [
            {
                "text": "lorem "
            }
        ]
    },
    {
        "children": [
            {
                "text": ""
            }
        ],
        "type": "loader"
    },
    {
        "type": "heading-one",
        "children": [
            {
                "text": " ipsum"
            }
        ]
    },
    {
        "type": "paragraph",
        "children": [
            {
                "text": ""
            }
        ]
    }
]
