// Jest Snapshot v1, https://goo.gl/fbAQLP

exports[`nodes-hierarchy / Any Node should remove all nodes but leave editor with one paragraph 1`] = `
Array [
  Object {
    "align": "center",
    "children": Array [
      Object {
        "text": "",
      },
    ],
    "type": "paragraph",
  },
]
`;

exports[`nodes-hierarchy / Any Node should remove nodes without children 1`] = `
Array [
  Object {
    "align": "left",
    "children": Array [
      Object {
        "children": Array [
          Object {
            "children": Array [
              Object {
                "text": "Second",
              },
            ],
            "type": "list-item-text",
          },
        ],
        "type": "list-item",
      },
      Object {
        "children": Array [
          Object {
            "children": Array [
              Object {
                "text": "Third",
              },
            ],
            "type": "list-item-text",
          },
        ],
        "type": "list-item",
      },
    ],
    "type": "numbered-list",
  },
]
`;
