// Jest Snapshot v1, https://goo.gl/fbAQLP

exports[`nodes-hierarchy / Divider should be kept after normalization 1`] = `
Array [
  Object {
    "children": Array [
      Object {
        "text": "",
      },
    ],
    "type": "divider",
  },
]
`;
