// Jest Snapshot v1, https://goo.gl/fbAQLP

exports[`nodes-hierarchy / Editor should insert paragraph in empty editor 1`] = `
Array [
  Object {
    "align": undefined,
    "children": Array [
      Object {
        "text": "",
      },
    ],
    "type": "paragraph",
  },
]
`;
