// Jest Snapshot v1, https://goo.gl/fbAQLP

exports[`nodes-hierarchy / Html should be kept after normalization 1`] = `
Array [
  Object {
    "children": Array [
      Object {
        "text": "",
      },
    ],
    "content": "<div>hello</div>",
    "type": "html",
  },
]
`;
