// Jest Snapshot v1, https://goo.gl/fbAQLP

exports[`nodes-hierarchy / StoryEmbed should be kept after normalization 1`] = `
Array [
  Object {
    "appearance": "full",
    "children": Array [
      Object {
        "text": "",
      },
    ],
    "position": "center",
    "story": Object {
      "uuid": "f0c7c0f8-7e67-4402-b07e-4db2f8c4f439",
    },
    "type": "story-embed",
  },
]
`;
